../Core/Src/main.c:83:5:get_distance	32	static
../Core/Src/main.c:112:5:read_button	16	static
../Core/Src/main.c:127:5:main	184	static
../Core/Src/main.c:214:6:SystemClock_Config	88	static
../Core/Src/main.c:260:13:MX_ETH_Init	8	static
../Core/Src/main.c:309:13:MX_TIM2_Init	32	static
../Core/Src/main.c:354:13:MX_USART3_UART_Init	8	static
../Core/Src/main.c:387:13:MX_USART6_UART_Init	8	static
../Core/Src/main.c:420:13:MX_USB_OTG_FS_PCD_Init	8	static
../Core/Src/main.c:455:13:MX_GPIO_Init	64	static
../Core/Src/main.c:544:6:Error_Handler	4	static,ignoring_inline_asm
